(* -*- mode: coq; coq-prog-args: ("-emacs" "-w" "-deprecated-native-compiler-option,-native-compiler-disabled" "-native-compiler" "ondemand" "-R" "." "Top" "-top" "Top.example_075") -*- *)
(* File reduced by coq-bug-minimizer from original input, then from 27 lines to 6 lines, then from 21 lines to 6 lines, then from 21 lines to 6 lines, then from 21 lines to 6 lines *)
(* coqc version 8.20.1 compiled with OCaml 4.13.1
   coqtop version 8.20.1
   Expected coqc runtime on this file: 0.103 sec
   Expected coqc peak memory usage on this file: 111180.0 kb *)
Require Ltac2.Ltac2.
Ltac2 big n := Array.length (Array.make n 'I).

Time Ltac2 Eval big 1000000000.