(* -*- mode: coq; coq-prog-args: ("-emacs" "-w" "-deprecated-native-compiler-option,-native-compiler-disabled" "-native-compiler" "ondemand" "-R" "." "Top" "-top" "Top.example_075") -*- *)
(* File reduced by coq-bug-minimizer from original input *)
(* coqc version 8.19.2 compiled with OCaml 4.14.1
   coqtop version 8.19.2
   Expected coqc runtime on this file: 0.075 sec
    *)

Require Coq.Lists.List.
Import Coq.Lists.List.
Eval cbv in seq 0 (10 * 1000).
